// Jest Snapshot v1, https://goo.gl/fbAQLP

exports[`Test Logout Component should shallow render correctly Logout component 1`] = `
<Redirect
  to="/"
/>
`;
